// Jest Snapshot v1, https://goo.gl/fbAQLP

exports[`ContactHost should render correctly 1`] = `
<styled.div>
  <styled.button
    className="modal-display"
    onClick={[Function]}
  >
    Contact host
  </styled.button>
  <styled.div
    className="modal-hide"
    displayModal="none"
    onClick={[Function]}
  >
    <styled.div>
      <styled.div>
        Continue with Facebook
      </styled.div>
      <styled.div>
        Continue with Google
      </styled.div>
      <styled.div>
        <hr
          className="half-line"
        />
        or
        <hr
          className="half-line"
        />
      </styled.div>
      <styled.div>
        Sign up with Email
      </styled.div>
      <styled.div>
        <hr
          className="full-line"
        />
      </styled.div>
      <styled.div>
        Already have an Airbnb account?
        <span>
          Log in
        </span>
      </styled.div>
    </styled.div>
  </styled.div>
</styled.div>
`;
