// Jest Snapshot v1, https://goo.gl/fbAQLP

exports[`Description should render correctly 1`] = `
<styled.div>
  <styled.div>
    Mock Short Description
  </styled.div>
  <styled.div
    className="read-more"
    hidden={false}
    onClick={[Function]}
  >
    Read more about the space ▼
  </styled.div>
  <styled.div
    className="hide"
    hidden={true}
    onClick={[Function]}
  >
    Hide ▲
  </styled.div>
  <styled.div
    hidden={true}
  >
    <styled.div
      key="Mock Head"
    >
      <styled.div>
        Mock Head
      </styled.div>
      <styled.div>
        Mock Body
      </styled.div>
    </styled.div>
  </styled.div>
</styled.div>
`;
