// Jest Snapshot v1, https://goo.gl/fbAQLP

exports[`Summary should render correctly 1`] = `
<styled.div
  direction="row"
>
  <styled.div
    direction="column"
  >
    <styled.div>
      Mock Home Type
    </styled.div>
    <styled.div>
      Mock Title
    </styled.div>
    <styled.div>
      Mock Location
    </styled.div>
    <styled.div>
      <styled.div>
        <styled.div>
          <GuestsSVG />
        </styled.div>
        1
         Guests
      </styled.div>
      <styled.div>
        <styled.div>
          <BedroomsSVG />
        </styled.div>
        1
         Bedrooms
      </styled.div>
      <styled.div>
        <styled.div>
          <BedsSVG />
        </styled.div>
        1
         Beds
      </styled.div>
      <styled.div>
        <styled.div>
          <BathsSVG />
        </styled.div>
        1
         Baths
      </styled.div>
    </styled.div>
  </styled.div>
  <styled.div
    direction="column"
  >
    <styled.img
      alt="avatar not found"
      src="MockAvatarURL"
    />
    <styled.div>
      Mock Owner Name
    </styled.div>
  </styled.div>
</styled.div>
`;
